#
# PeepeeBox v7.0 logfile, created 2026/09/03 09:23:54
#
# Emulator path: F:/funny_interactive_de.img/
# Global configuration file: C:/Users/xeon4/AppData/Local/PeepeeBox/86box_global.cfg
# VM: .
#
# Configuration file: F:/funny_interactive_de.img/./86box.cfg
#

# Userfiles path: F:/funny_interactive_de.img/./
# ROM path: F:/funny_interactive_de.img/./roms/
# ROM path: F:/funny_interactive_de.img/roms/
# ROM path: C:/Users/xeon4/AppData/Local/PeepeeBox/roms/
# ROM path: C:/ProgramData/PeepeeBox/roms/
# Asset path: F:/funny_interactive_de.img/./assets/
# Asset path: F:/funny_interactive_de.img/assets/
# Asset path: C:/Users/xeon4/AppData/Local/PeepeeBox/assets/
# Asset path: C:/ProgramData/PeepeeBox/assets/
PP: disk F:/funny_interactive_de.img/HardDisk.img, 3949/16/63
PP: Photo Play profile applied (4dps, idx4 @ 100 MHz, 16 MB)
PP: disk F:/funny_interactive_de.img/HardDisk.img, 3949/16/63
PP: Photo Play profile applied (4dps, idx4 @ 100 MHz, 16 MB)
PP: Photo Play dongle attached, banner "Version 99 (AT)" (15 chars), dwords at +10; FINDIT reads +1C = 0001D760
IB: DS1982 iButton at I/O 268, ROM 09 50 50 42 4F 58 00 FF
SC: the disk image did not identify itself; serving the ES default
SC: record "IGO" / "ES" / "IGO 08", so the guest composes "Version 08 (ES)"
SC: 2008 card reader attached to COM2 (2F8h), 9600 baud
PP: No parallel HASP part on the port (Auto: this release does not use one).
MT NVR CAL: scale_x=0.995851, scale_y=0.994475, off_x=0.002075, off_y=0.006906
PP: raw write_data FF
PP: raw write_ctrl 00
PP: raw write_data 5A
PP: raw read_data latch 5A -> 5A (mode 0)
PP: raw write_data 00
PP: raw write_data A5
PP: raw read_data latch A5 -> A5 (mode 0)
PP: raw write_data 00
PP: raw write_data FF
PP: raw write_ctrl 00
PP: raw write_data 5A
PP: raw read_data latch 5A -> 5A (mode 0)
PP: raw write_data 00
PP: raw write_data A5
PP: raw read_data latch A5 -> A5 (mode 0)
PP: raw write_data 00
PP: raw write_data FF
PP: raw write_ctrl 00
PP: raw write_data 5A
PP: raw read_data latch 5A -> 5A (mode 0)
PP: raw write_data 00
PP: raw write_data A5
PP: raw read_data latch A5 -> A5 (mode 0)
PP: raw write_data 00
PP: raw write_ctrl 15
PP: raw write_ctrl 08
PP: raw write_ctrl 0C
PP: raw write_data FF
PP: raw write_ctrl 0C
PP: raw write_data 5A
PP: raw read_data latch 5A -> 5A (mode 0)
PP: raw write_data 00
PP: raw write_data A5
PP: raw read_data latch A5 -> A5 (mode 0)
PP: raw write_data 00
PP: raw write_data FF
PP: raw write_ctrl 0C
PP: raw write_data 5A
PP: raw read_data latch 5A -> 5A (mode 0)
PP: raw write_data 00
PP: raw write_data A5
PP: raw read_data latch A5 -> A5 (mode 0)
PP: raw write_data 00
PP: raw write_ctrl 08
PP: raw write_ctrl 0C
PP: raw write_ctrl 08
PP: raw write_ctrl 0C
PP: raw write_data 80
PP: raw write_data C6
PP: raw write_data C7
PP: raw write_data C6
PP: raw write_data 80
PP: raw write_data F8
PP: raw write_data B6
PP: raw write_data F8
PP: raw write_data 8A
PP: raw write_data 8B
PP: raw write_data 8A
PP: raw write_data F8
*** 1 repeats ***
PP: raw write_data F9
PP: raw write_data F8
*** 1 repeats ***
PP: raw write_data B6
PP: raw write_data F8
PP: raw write_data B6
PP: raw write_data DA
PP: raw write_data DB
PP: raw write_data DA
PP: raw write_data B6
PP: raw write_data BA
PP: raw write_data BB
PP: raw write_data BA
PP: raw write_data B6
PP: raw write_data F8
PP: raw write_data 94
PP: raw write_data 95
PP: raw write_data 94
PP: raw write_data F8
PP: raw write_data B6
PP: raw write_data F8
PP: raw write_data C8
PP: raw write_data C9
PP: raw write_data C8
PP: raw write_data F8
PP: raw write_data A8
PP: raw write_data A9
PP: raw write_data A8
PP: raw write_data F8
PP: raw write_data B6
PP: raw write_data F8
PP: raw write_data B6
PP: raw write_data 80
PP: raw write_data 81
PP: raw write_data 80
PP: raw write_data B6
PP: raw write_data F8
PP: raw write_data 92
PP: raw write_data 93
PP: raw write_data 92
PP: raw write_data F8
PP: raw write_data B6
PP: raw write_data F8
PP: raw write_data B6
PP: raw write_data D0
PP: raw write_data D1
PP: raw write_data D0
PP: raw write_data B6
PP: raw write_data B0
PP: raw write_data B1
PP: raw write_data B0
PP: raw write_data B6
PP: raw write_data F8
PP: raw write_data 8C
PP: raw write_data 8D
PP: raw write_data 8C
PP: raw write_data F8
PP: raw write_data B6
PP: raw write_data F8
PP: raw write_data 9E
PP: raw write_data 9F
PP: raw write_data 9E
PP: raw write_data F8
PP: raw write_data DC
PP: raw write_data DD
PP: raw write_data DC
PP: raw write_data F8
PP: raw write_data B6
PP: raw write_data F8
PP: raw write_data B6
PP: raw write_data BC
PP: raw write_data BD
PP: raw write_data BC
PP: raw write_data FE
PP: raw write_data FC
PP: raw write_data FA
PP: raw write_data F8
PP: raw write_data F6
PP: raw write_data F4
PP: raw write_data F2
PP: raw write_data F0
PP: raw write_data EE
PP: raw write_data EC
PP: raw write_data EA
PP: raw write_data E8
PP: raw write_data E6
PP: raw write_data E4
PP: raw write_data E2
PP: raw write_data E0
PP: raw write_data DE
PP: raw write_data DC
PP: raw write_data DA
PP: raw write_data D8
PP: raw write_data D6
PP: raw write_data D4
PP: raw write_data D2
PP: raw write_data D0
PP: raw write_data CE
PP: raw write_data CC
PP: raw write_data CA
PP: raw write_data C8
PP: raw write_data C6
PP: raw write_data C4
PP: raw write_data C2
PP: raw write_data C0
PP: raw write_data BE
PP: raw write_data BC
PP: raw write_data BA
PP: raw write_data B8
PP: raw write_data B6
PP: raw write_data B4
PP: raw write_data B2
PP: raw write_data B0
PP: raw write_data AE
PP: raw write_data AC
PP: raw write_data AA
PP: raw write_data A8
PP: raw write_data A6
PP: raw write_data A4
PP: raw write_data A2
PP: raw write_data A0
PP: raw write_data 9E
PP: raw write_data 9C
PP: raw write_data 9A
PP: raw write_data 98
PP: raw write_data 96
PP: raw write_data 94
PP: raw write_data 92
PP: raw write_data 90
PP: raw write_data 8E
PP: raw write_data 8C
PP: raw write_data 8A
PP: raw write_data 88
PP: raw write_data 86
PP: raw write_data 84
PP: raw write_data 82
PP: raw write_data 80
PP: raw write_data C6
PP: raw write_data C7
PP: raw write_data C6
PP: raw write_data 80
PP: raw write_data B6
PP: raw write_data 8A
PP: raw write_data 8B
PP: raw write_data 8A
PP: raw write_data B6
PP: raw write_data F8
*** 1 repeats ***
PP: raw write_data F9
PP: raw write_data F8
*** 1 repeats ***
PP: raw write_data B6
PP: raw write_data F8
PP: raw write_data B6
PP: raw write_data DA
PP: raw write_data DB
PP: raw write_data DA
PP: raw write_data B6
PP: raw write_data F8
PP: raw write_data BA
PP: raw write_data BB
PP: raw write_data BA
PP: raw write_data F8
PP: raw write_data B6
PP: raw write_data F8
PP: raw write_data 94
PP: raw write_data 95
PP: raw write_data 94
PP: raw write_data F8
PP: raw write_data C8
PP: raw write_data C9
PP: raw write_data C8
PP: raw write_data F8
PP: raw write_data B6
PP: raw write_data F8
PP: raw write_data B6
PP: raw write_data A8
PP: raw write_data A9
PP: raw write_data A8
PP: raw write_data B6
PP: raw write_data 80
PP: raw write_data 81
PP: raw write_data 80
PP: raw write_data B6
PP: raw write_data F8
PP: raw write_data 92
PP: raw write_data 93
PP: raw write_data 92
PP: raw write_data F8
PP: raw write_data B6
PP: raw write_data F8
PP: raw write_data D0
PP: raw write_data D1
PP: raw write_data D0
PP: raw write_data F8
PP: raw write_data B0
PP: raw write_data B1
PP: raw write_data B0
PP: raw write_data F8
PP: raw write_data B6
PP: raw write_data F8
PP: raw write_data B6
PP: raw write_data 8C
PP: raw write_data 8D
PP: raw write_data 8C
PP: raw write_data B6
PP: raw write_data 9E
PP: raw write_data 9F
PP: raw write_data C7
PP: raw write_data 86
PP: raw write_data 87
PP: raw write_data C6
PP: raw write_data C7
PP: raw write_data C6
PP: raw write_data 80
*** 1 repeats ***
PP: raw write_data C6
PP: raw write_data C7
PP: raw write_data C6
PP: raw write_data 80
PP: raw write_data B6
PP: raw write_data F8
PP: raw write_data B6
PP: raw write_data 8A
PP: raw write_data 8B
PP: raw write_data 8A
PP: raw write_data B6
PP: raw write_data F8
PP: raw write_data B6
PP: raw write_data F8
*** 1 repeats ***
PP: raw write_data F9
PP: raw write_data F8
*** 1 repeats ***
PP: raw write_data B6
PP: raw write_data F8
PP: raw write_data B6
PP: raw write_data DA
PP: raw write_data DB
PP: raw write_data DA
PP: raw write_data B6
PP: raw write_data BA
PP: raw write_data BB
PP: raw write_data BA
PP: raw write_data B6
PP: raw write_data F8
PP: raw write_data 94
PP: raw write_data 95
PP: raw write_data 94
PP: raw write_data F8
PP: raw write_data B6
PP: raw write_data F8
PP: raw write_data C8
PP: raw write_data C9
PP: raw write_data C8
PP: raw write_data F8
PP: raw write_data A8
PP: raw write_data A9
PP: raw write_data A8
PP: raw write_data F8
PP: raw write_data 80
PP: raw write_data 81
